// Jest Snapshot v1, https://goo.gl/fbAQLP

exports[`matches snapshot 1`] = `
<DocumentFragment>
  <div
    class="chakra-container css-140i716"
  >
    <div
      class="chakra-stack css-sxjj"
    >
      <div
        class="chakra-stack css-b8wtr3"
      >
        <form />
        <div
          class="css-6iqxdq"
        >
          <img
            alt="Logo"
            class="chakra-image css-1qfjeyj"
            src="logo.png"
          />
        </div>
        <div
          class="chakra-stack css-1wil0ry"
          text="ceAlignnter"
        >
          <h2
            class="chakra-heading css-0"
          >
            Log in to your account
          </h2>
          <div
            class="chakra-stack css-14fwrpf"
          >
            <p
              class="chakra-text css-1c5b18p"
            >
              Don't have an account?
            </p>
            <a
              class="chakra-button css-4xx2wk"
              href="/signup"
            >
              Sign up
            </a>
          </div>
        </div>
      </div>
      <div
        class="css-fsjjbh"
      >
        <div
          class="chakra-stack css-16voevi"
        >
          <div
            class="chakra-stack css-137fd6w"
          >
            <div
              class="chakra-form-control css-0"
              role="group"
            >
              <label
                class="chakra-form__label css-uvho5g"
                for="username"
                id="field-:r0:-label"
              >
                Username
              </label>
              <input
                aria-required="true"
                class="chakra-input css-0"
                id="field-:r0:"
                name="username"
                placeholder="Enter username"
                required=""
                type="text"
                value=""
              />
              <label
                class="chakra-form__label css-uvho5g"
                for="password"
                id="field-:r0:-label"
              >
                Password
              </label>
              <div
                class="chakra-form-control css-0"
                role="group"
              >
                <div
                  class="chakra-input__group css-bx0blc"
                  data-group="true"
                >
                  <input
                    aria-required="true"
                    class="chakra-input css-1n0hj84"
                    id="field-:r1:"
                    name="password"
                    required=""
                    type="password"
                    value=""
                  />
                  <div
                    class="chakra-input__right-element css-vcnsx7"
                  >
                    <button
                      class="chakra-button css-xsdlqf"
                      type="button"
                    >
                      Show
                    </button>
                  </div>
                </div>
              </div>
            </div>
          </div>
          <div
            class="chakra-stack css-1oeb4ru"
          >
            <label
              class="chakra-checkbox css-1elxtiq"
            >
              <input
                class="chakra-checkbox__input"
                style="border: 0px; clip: rect(0px, 0px, 0px, 0px); height: 1px; width: 1px; margin: -1px; padding: 0px; overflow: hidden; white-space: nowrap; position: absolute;"
                type="checkbox"
                value=""
              />
              <span
                aria-hidden="true"
                class="chakra-checkbox__control css-dnty2r"
              />
              <span
                class="chakra-checkbox__label css-1oeb2oe"
              >
                Remember me
              </span>
            </label>
          </div>
          <div
            class="chakra-stack css-16voevi"
          >
            <button
              class="chakra-button css-4xx2wk"
              type="button"
            >
              Sign in
            </button>
          </div>
        </div>
      </div>
    </div>
  </div>
</DocumentFragment>
`;
