// Jest Snapshot v1, https://goo.gl/fbAQLP

exports[`matches snapshot for danger 1`] = `<DocumentFragment />`;
